// Jest Snapshot v1, https://goo.gl/fbAQLP

exports[`<LoginForm /> with no props should match the snapshot 1`] = `"<div class=\\"row\\"><div class=\\"col-lg-12\\"><form action=\\"#\\"><div class=\\"form-group\\"><label for=\\"email\\">Email</label><input name=\\"email\\" type=\\"email\\" placeholder=\\"Enter email\\" class=\\"form-control \\" value=\\"\\"></div><div class=\\"form-group\\"><label for=\\"password\\">Password</label><input name=\\"password\\" type=\\"password\\" placeholder=\\"Enter password\\" class=\\"form-control \\" value=\\"\\"></div><button type=\\"submit\\" class=\\"btn btn-primary btn-block\\">Submit</button></form></div></div>"`;
