// Jest Snapshot v1, https://goo.gl/fbAQLP

exports[`<Loading /> with no props should match the snapshot 1`] = `"<div class=\\"Loading\\"><div class=\\"Loading-Content\\"><img src=\\"logo.png\\" width=\\"200\\" height=\\"200\\" alt=\\"logo\\"/><img src=\\"loading.svg\\" alt=\\"Loading....\\"/></div></div>"`;
